Resolved "preview" environment for the build. Learn more: https://docs.expo.dev/eas/environment-variables/#setting-the-environment-for-your-builds
No environment variables with visibility "Plain text" and "Sensitive" found for the "preview" environment on EAS.

- Computing project fingerprint
✔ Computed project fingerprint
Fastlane is not available, make sure it's installed and in your PATH
spawn fastlane ENOENT
npx -y eas-cli-local-build-plugin@1.0.171 eyJqb2IiOnsidHlwZSI6Im1hbmFnZWQiLCJwbGF0Zm9ybSI6ImlvcyIsInByb2plY3RBcmNoaXZlIjp7InR5cGUiOiJQQVRIIiwicGF0aCI6Ii92YXIvZm9sZGVycy9zcy94cm1ka2J5bjVyNWQ5Z2NuMXd3XzdqeHIwMDAwZ24vVC9lYXMtY2xpLW5vZGVqcy9kNjI0OTg2ZC1iODhhLTRkNDMtYjJmMC04NzU2NjBhMWZjN2EudGFyLmd6In0sInByb2plY3RSb290RGlyZWN0b3J5IjoiLiIsImJ1aWxkZXJFbnZpcm9ubWVudCI6eyJlbnYiOnt9fSwiY2FjaGUiOnsiZGlzYWJsZWQiOmZhbHNlLCJwYXRocyI6W10sImNsZWFyIjpmYWxzZX0sInNlY3JldHMiOnsiYnVpbGRDcmVkZW50aWFscyI6e319LCJ1cGRhdGVzIjp7fSwic2ltdWxhdG9yIjp0cnVlLCJzY2hlbWUiOiJERVNJR05TTkFDS0xhd3NQYXR0ZXJucyIsInVzZXJuYW1lIjoiZGVzaWduc25hY2siLCJ2ZXJzaW9uIjp7ImJ1aWxkTnVtYmVyIjoiMSJ9LCJleHBlcmltZW50YWwiOnt9LCJtb2RlIjoiYnVpbGQiLCJ0cmlnZ2VyZWRCeSI6IkVBU19DTEkiLCJhcHBJZCI6IjcxMTBmZWQ3LTEyYzEtNDBmNy1hNTZiLWY0M2IyODNmOGRiMiIsImluaXRpYXRpbmdVc2VySWQiOiI0ODMxYWZmYy1jNWI3LTRhMjItODk2OS03NWY5ZDg1NzJlNzIifSwibWV0YWRhdGEiOnsidHJhY2tpbmdDb250ZXh0Ijp7InRyYWNraW5nX2lkIjoiODRlNGRmNjktYjc3YS00MjAyLWJiNjctZDEzMGQxNjliMDIyIiwicGxhdGZvcm0iOiJpb3MiLCJzZGtfdmVyc2lvbiI6IjU0LjAuMCIsImFjY291bnRfaWQiOiIzZTA2ZDg5NC05NDk1LTQ4NGYtOGUwOS00NGYyYTlmYmZlYjUiLCJwcm9qZWN0X2lkIjoiNzExMGZlZDctMTJjMS00MGY3LWE1NmItZjQzYjI4M2Y4ZGIyIiwicHJvamVjdF90eXBlIjoibWFuYWdlZCIsImRldl9jbGllbnQiOmZhbHNlLCJkZXZfY2xpZW50X3ZlcnNpb24iOiI2LjAuMTQiLCJub193YWl0IjpmYWxzZSwicnVuX2Zyb21fY2kiOmZhbHNlLCJsb2NhbCI6dHJ1ZX0sImFwcEJ1aWxkVmVyc2lvbiI6IjEiLCJhcHBWZXJzaW9uIjoiMS4wLjAiLCJjbGlWZXJzaW9uIjoiMTYuMjAuNCIsIndvcmtmbG93IjoibWFuYWdlZCIsImNyZWRlbnRpYWxzU291cmNlIjoicmVtb3RlIiwic2RrVmVyc2lvbiI6IjU0LjAuMCIsImZpbmdlcnByaW50SGFzaCI6ImYyMGMzYTQ3N2M2OTVkOGQ1YWUwZGU4MTYzMzFjYmZkMTU5ZTVhYjAiLCJyZWFjdE5hdGl2ZVZlcnNpb24iOiIwLjgxLjQiLCJkaXN0cmlidXRpb24iOiJpbnRlcm5hbCIsImFwcE5hbWUiOiJERVNJR05TTkFDSyBMYXdzICYgUGF0dGVybnMiLCJhcHBJZGVudGlmaWVyIjoiY29tLmRlc2lnbnNuYWNrLmxhd3NwYXR0ZXJucyIsImJ1aWxkUHJvZmlsZSI6InByZXZpZXciLCJnaXRDb21taXRIYXNoIjoiNmVkNTE1NjRjNzllM2VkMmU5MTU4ZDZjYzE0MDk1MDJlM2I1NDEwMSIsImdpdENvbW1pdE1lc3NhZ2UiOiJmZWF0KGFzc2V0cyk6IGFkZCBhcHAgaWNvbnMgZm9yIGlvcyBhbmQgYW5kcm9pZCBwbGF0Zm9ybXNcblxuZG9jczogYWRkIGFzc2V0cyBndWlkZSB3aXRoIGRldGFpbGVkIHJlcXVpcmVtZW50c1xucmVmYWN0b3IodGFicyk6IG1pZ3JhdGUgZnJvbSBleHBvLXRhYnMgdG8gbmF0aXZlLXRhYnMgaW1wbGVtZW50YXRpb25cbmZpeChsZWdhbCk6IHVwZGF0ZSBwcml2YWN5IHBvbGljeSBhbmQgdGVybXMgb2Ygc2VydmljZSB1cmxzXG5zdHlsZShpY29ucyk6IGFkZCBuZXcgdGFiIGJhciBpY29uIG1hcHBpbmdzIiwiaXNHaXRXb3JraW5nVHJlZURpcnR5Ijp0cnVlLCJ1c2VybmFtZSI6ImRlc2lnbnNuYWNrIiwicnVuV2l0aE5vV2FpdEZsYWciOmZhbHNlLCJydW5Gcm9tQ0kiOmZhbHNlLCJkZXZlbG9wbWVudENsaWVudCI6ZmFsc2UsInJlcXVpcmVkUGFja2FnZU1hbmFnZXIiOiJucG0iLCJzaW11bGF0b3IiOnRydWV9fQ== exited with non-zero code: 1
    Error: build command failed.
